// Jest Snapshot v1, https://goo.gl/fbAQLP

exports[`<Header> Should render header with home click 1`] = `[MockFunction]`;

exports[`<Header> Should render header with no data 1`] = `
Array [
  <View
    style={
      Object {
        "backgroundColor": "#ffffff",
        "flex": 1,
        "height": 123,
        "justifyContent": "center",
        "padding": 10,
        "paddingRight": 0,
      }
    }
  >
    <RCTScrollView
      ItemSeparatorComponent={[Function]}
      data={
        Array [
          Object {
            "addImage": true,
          },
        ]
      }
      getItem={[Function]}
      getItemCount={[Function]}
      horizontal={true}
      keyExtractor={[Function]}
      onContentSizeChange={[Function]}
      onLayout={[Function]}
      onMomentumScrollBegin={[Function]}
      onMomentumScrollEnd={[Function]}
      onScroll={[Function]}
      onScrollBeginDrag={[Function]}
      onScrollEndDrag={[Function]}
      removeClippedSubviews={false}
      renderItem={[Function]}
      scrollEventThrottle={50}
      stickyHeaderIndices={Array []}
      viewabilityConfigCallbackPairs={Array []}
    >
      <View>
        <View
          onLayout={[Function]}
          style={
            Array [
              Object {
                "flexDirection": "row",
              },
              null,
            ]
          }
        >
          <View
            accessible={true}
            collapsable={false}
            focusable={true}
            onBlur={[Function]}
            onClick={[Function]}
            onFocus={[Function]}
            onResponderGrant={[Function]}
            onResponderMove={[Function]}
            onResponderRelease={[Function]}
            onResponderTerminate={[Function]}
            onResponderTerminationRequest={[Function]}
            onStartShouldSetResponder={[Function]}
            style={
              Object {
                "justifyContent": "center",
              }
            }
          >
            <Image
              source={
                Object {
                  "testUri": "../../../src/assets/plus.png",
                }
              }
              style={
                Object {
                  "height": 70,
                  "width": 70,
                }
              }
            />
          </View>
        </View>
      </View>
    </RCTScrollView>
  </View>,
  <Modal
    hasBackdrop={true}
    isVisible={false}
    onBackdropPress={[Function]}
  >
    <View>
      <View
        accessible={true}
        collapsable={false}
        focusable={true}
        onBlur={[Function]}
        onClick={[Function]}
        onFocus={[Function]}
        onResponderGrant={[Function]}
        onResponderMove={[Function]}
        onResponderRelease={[Function]}
        onResponderTerminate={[Function]}
        onResponderTerminationRequest={[Function]}
        onStartShouldSetResponder={[Function]}
        style={
          Object {
            "alignItems": "center",
            "backgroundColor": "#ffffff",
            "borderRadius": 15,
            "height": 30,
            "justifyContent": "center",
            "width": 30,
          }
        }
      >
        <Image
          source={
            Object {
              "testUri": "../../../src/assets/close.png",
            }
          }
          style={
            Object {
              "height": 24,
              "width": 24,
            }
          }
        />
      </View>
      <Image
        resizeMode="contain"
        source={
          Object {
            "uri": "",
          }
        }
        style={
          Object {
            "height": 200,
            "width": "100%",
          }
        }
      />
    </View>
  </Modal>,
]
`;
